                                      1 ;--------------------------------------------------------
                                      2 ; File Created by SDCC : free open source ISO C Compiler 
                                      3 ; Version 4.2.2 #13350 (MINGW64)
                                      4 ;--------------------------------------------------------
                                      5 	.module gbdk_player
                                      6 	.optsdcc -msm83
                                      7 	
                                      8 ;--------------------------------------------------------
                                      9 ; Public variables in this module
                                     10 ;--------------------------------------------------------
                                     11 	.globl _main
                                     12 	.globl _hUGE_dosound
                                     13 	.globl _hUGE_init
                                     14 	.globl _set_sprite_palette
                                     15 	.globl _set_bkg_palette
                                     16 	.globl _font_set
                                     17 	.globl _font_load
                                     18 	.globl _font_init
                                     19 	.globl _set_sprite_data
                                     20 	.globl _set_win_tiles
                                     21 	.globl _set_bkg_tiles
                                     22 	.globl _set_bkg_data
                                     23 	.globl _wait_vbl_done
                                     24 	.globl _joypad
                                     25 	.globl _delay
                                     26 	.globl _add_VBL
                                     27 	.globl _WindowMap
                                     28 	.globl _Map
                                     29 	.globl _MapTiles
                                     30 	.globl _sprite_palette
                                     31 	.globl _background_palette
                                     32 ;--------------------------------------------------------
                                     33 ; special function registers
                                     34 ;--------------------------------------------------------
                                     35 ;--------------------------------------------------------
                                     36 ; ram data
                                     37 ;--------------------------------------------------------
                                     38 	.area _DATA
                                     39 ;--------------------------------------------------------
                                     40 ; ram data
                                     41 ;--------------------------------------------------------
                                     42 	.area _INITIALIZED
      000000                         43 _MapTiles::
      000000                         44 	.ds 112
      000070                         45 _Map::
      000070                         46 	.ds 360
      0001D8                         47 _WindowMap::
      0001D8                         48 	.ds 5
                                     49 ;--------------------------------------------------------
                                     50 ; absolute external ram data
                                     51 ;--------------------------------------------------------
                                     52 	.area _DABS (ABS)
                                     53 ;--------------------------------------------------------
                                     54 ; global & static initialisations
                                     55 ;--------------------------------------------------------
                                     56 	.area _HOME
                                     57 	.area _GSINIT
                                     58 	.area _GSFINAL
                                     59 	.area _GSINIT
                                     60 ;--------------------------------------------------------
                                     61 ; Home
                                     62 ;--------------------------------------------------------
                                     63 	.area _HOME
                                     64 	.area _HOME
                                     65 ;--------------------------------------------------------
                                     66 ; code
                                     67 ;--------------------------------------------------------
                                     68 	.area _CODE
                                     69 ;gbdk_player.c:25: void main(){
                                     70 ;	---------------------------------
                                     71 ; Function main
                                     72 ; ---------------------------------
      000000                         73 _main::
                                     74 ;gbdk_player.c:28: NR52_REG = 0x80; //turn on sound
      000000 3E 80            [ 8]   75 	ld	a, #0x80
      000002 E0r00            [12]   76 	ldh	(_NR52_REG + 0), a
                                     77 ;gbdk_player.c:29: NR50_REG = 0x77; set_bkg_palette(0,1,&background_palette[0]);// set volumes for 4 channels
      000004 3E 77            [ 8]   78 	ld	a, #0x77
      000006 E0r00            [12]   79 	ldh	(_NR50_REG + 0), a
      000008 11r21r01         [12]   80 	ld	de, #_background_palette
      00000B D5               [16]   81 	push	de
      00000C AF               [ 4]   82 	xor	a, a
      00000D 3C               [ 4]   83 	inc	a
      00000E F5               [16]   84 	push	af
      00000F CDr00r00         [24]   85 	call	_set_bkg_palette
      000012 E8 04            [16]   86 	add	sp, #4
                                     87 ;gbdk_player.c:30: NR51_REG = 0xFF; // designate all channels for use
      000014 3E FF            [ 8]   88 	ld	a, #0xff
      000016 E0r00            [12]   89 	ldh	(_NR51_REG + 0), a
                                     90 ;gbdk_player.c:34: font_init();
      000018 CDr00r00         [24]   91 	call	_font_init
                                     92 ;gbdk_player.c:35: min_font = font_load(font_min); //36 tiles
      00001B 11r00r00         [12]   93 	ld	de, #_font_min
      00001E D5               [16]   94 	push	de
      00001F CDr00r00         [24]   95 	call	_font_load
      000022 E1               [12]   96 	pop	hl
                                     97 ;gbdk_player.c:36: font_set(min_font);
      000023 D5               [16]   98 	push	de
      000024 CDr00r00         [24]   99 	call	_font_set
      000027 E1               [12]  100 	pop	hl
                                    101 ;gbdk_player.c:38: set_bkg_palette(0,1,&background_palette[0]);
      000028 11r21r01         [12]  102 	ld	de, #_background_palette
      00002B D5               [16]  103 	push	de
      00002C AF               [ 4]  104 	xor	a, a
      00002D 3C               [ 4]  105 	inc	a
      00002E F5               [16]  106 	push	af
      00002F CDr00r00         [24]  107 	call	_set_bkg_palette
      000032 E8 04            [16]  108 	add	sp, #4
                                    109 ;gbdk_player.c:40: set_bkg_data(37, 7, MapTiles); // starting at 37 because font shares first 36 slots of video memory
      000034 11r00r00         [12]  110 	ld	de, #_MapTiles
      000037 D5               [16]  111 	push	de
      000038 21 25 07         [12]  112 	ld	hl, #0x725
      00003B E5               [16]  113 	push	hl
      00003C CDr00r00         [24]  114 	call	_set_bkg_data
      00003F E8 04            [16]  115 	add	sp, #4
                                    116 ;gbdk_player.c:41: set_bkg_tiles(0,0,20,18, Map);
      000041 11r70r00         [12]  117 	ld	de, #_Map
      000044 D5               [16]  118 	push	de
      000045 21 14 12         [12]  119 	ld	hl, #0x1214
      000048 E5               [16]  120 	push	hl
      000049 AF               [ 4]  121 	xor	a, a
      00004A 0F               [ 4]  122 	rrca
      00004B F5               [16]  123 	push	af
      00004C CDr00r00         [24]  124 	call	_set_bkg_tiles
      00004F E8 06            [16]  125 	add	sp, #6
                                    126 ;gbdk_player.c:42: SHOW_BKG;
      000051 F0r00            [12]  127 	ldh	a, (_LCDC_REG + 0)
      000053 F6 01            [ 8]  128 	or	a, #0x01
      000055 E0r00            [12]  129 	ldh	(_LCDC_REG + 0), a
                                    130 ;gbdk_player.c:43: DISPLAY_ON;
      000057 F0r00            [12]  131 	ldh	a, (_LCDC_REG + 0)
      000059 F6 80            [ 8]  132 	or	a, #0x80
      00005B E0r00            [12]  133 	ldh	(_LCDC_REG + 0), a
                                    134 ;gbdk_player.c:45: set_sprite_palette(0,1,&sprite_palette[0]);
      00005D 11r29r01         [12]  135 	ld	de, #_sprite_palette
      000060 D5               [16]  136 	push	de
      000061 AF               [ 4]  137 	xor	a, a
      000062 3C               [ 4]  138 	inc	a
      000063 F5               [16]  139 	push	af
      000064 CDr00r00         [24]  140 	call	_set_sprite_palette
      000067 E8 04            [16]  141 	add	sp, #4
                                    142 ;gbdk_player.c:49: set_sprite_data(0,2,Player);
      000069 11r00r00         [12]  143 	ld	de, #_Player
      00006C D5               [16]  144 	push	de
      00006D 21 00 02         [12]  145 	ld	hl, #0x200
      000070 E5               [16]  146 	push	hl
      000071 CDr00r00         [24]  147 	call	_set_sprite_data
      000074 E8 04            [16]  148 	add	sp, #4
                                    149 ;c:/gbdk/include/gb/gb.h:1602: shadow_OAM[nb].tile=tile;
      000076 21r02r00         [12]  150 	ld	hl, #(_shadow_OAM + 2)
      000079 36 00            [12]  151 	ld	(hl), #0x00
                                    152 ;c:/gbdk/include/gb/gb.h:1675: OAM_item_t * itm = &shadow_OAM[nb];
      00007B 21r00r00         [12]  153 	ld	hl, #_shadow_OAM
                                    154 ;c:/gbdk/include/gb/gb.h:1676: itm->y=y, itm->x=x;
      00007E 3E 4E            [ 8]  155 	ld	a, #0x4e
      000080 22               [ 8]  156 	ld	(hl+), a
      000081 36 58            [12]  157 	ld	(hl), #0x58
                                    158 ;gbdk_player.c:52: SHOW_SPRITES;
      000083 F0r00            [12]  159 	ldh	a, (_LCDC_REG + 0)
      000085 F6 02            [ 8]  160 	or	a, #0x02
      000087 E0r00            [12]  161 	ldh	(_LCDC_REG + 0), a
                                    162 ;gbdk_player.c:54: set_win_tiles(0,0,5,1,WindowMap);
      000089 11rD8r01         [12]  163 	ld	de, #_WindowMap
      00008C D5               [16]  164 	push	de
      00008D 21 05 01         [12]  165 	ld	hl, #0x105
      000090 E5               [16]  166 	push	hl
      000091 AF               [ 4]  167 	xor	a, a
      000092 0F               [ 4]  168 	rrca
      000093 F5               [16]  169 	push	af
      000094 CDr00r00         [24]  170 	call	_set_win_tiles
      000097 E8 06            [16]  171 	add	sp, #6
                                    172 ;c:/gbdk/include/gb/gb.h:1468: WX_REG=x, WY_REG=y;
      000099 3E 07            [ 8]  173 	ld	a, #0x07
      00009B E0r00            [12]  174 	ldh	(_WX_REG + 0), a
      00009D 3E 78            [ 8]  175 	ld	a, #0x78
      00009F E0r00            [12]  176 	ldh	(_WY_REG + 0), a
                                    177 ;gbdk_player.c:56: SHOW_WIN;
      0000A1 F0r00            [12]  178 	ldh	a, (_LCDC_REG + 0)
      0000A3 F6 20            [ 8]  179 	or	a, #0x20
      0000A5 E0r00            [12]  180 	ldh	(_LCDC_REG + 0), a
                                    181 ;gbdk_player.c:61: }
      0000A7 F3               [ 4]  182 	di
                                    183 ;gbdk_player.c:59: hUGE_init(&song);
      0000A8 11r00r00         [12]  184 	ld	de, #_song
      0000AB D5               [16]  185 	push	de
      0000AC CDr00r00         [24]  186 	call	_hUGE_init
      0000AF E1               [12]  187 	pop	hl
                                    188 ;gbdk_player.c:60: add_VBL(hUGE_dosound);
      0000B0 11r00r00         [12]  189 	ld	de, #_hUGE_dosound
      0000B3 D5               [16]  190 	push	de
      0000B4 CDr00r00         [24]  191 	call	_add_VBL
      0000B7 E1               [12]  192 	pop	hl
      0000B8 FB               [ 4]  193 	ei
                                    194 ;gbdk_player.c:63: while(1){
      0000B9                        195 00108$:
                                    196 ;gbdk_player.c:65: wait_vbl_done();
      0000B9 CDr00r00         [24]  197 	call	_wait_vbl_done
                                    198 ;gbdk_player.c:76: switch(joypad()){
      0000BC CDr00r00         [24]  199 	call	_joypad
      0000BF 4F               [ 4]  200 	ld	c, a
      0000C0 3D               [ 4]  201 	dec	a
      0000C1 28 37            [12]  202 	jr	Z, 00104$
      0000C3 79               [ 4]  203 	ld	a,c
      0000C4 FE 02            [ 8]  204 	cp	a,#0x02
      0000C6 28 26            [12]  205 	jr	Z, 00103$
      0000C8 FE 04            [ 8]  206 	cp	a,#0x04
      0000CA 28 0A            [12]  207 	jr	Z, 00101$
      0000CC FE 08            [ 8]  208 	cp	a,#0x08
      0000CE 28 12            [12]  209 	jr	Z, 00102$
      0000D0 D6 40            [ 8]  210 	sub	a, #0x40
      0000D2 28 32            [12]  211 	jr	Z, 00105$
      0000D4 18 43            [12]  212 	jr	00106$
                                    213 ;gbdk_player.c:77: case J_UP:
      0000D6                        214 00101$:
                                    215 ;c:/gbdk/include/gb/gb.h:1691: OAM_item_t * itm = &shadow_OAM[nb];
      0000D6 01r00r00         [12]  216 	ld	bc, #_shadow_OAM+0
                                    217 ;c:/gbdk/include/gb/gb.h:1692: itm->y+=y, itm->x+=x;
      0000D9 0A               [ 8]  218 	ld	a, (bc)
      0000DA C6 FE            [ 8]  219 	add	a, #0xfe
      0000DC 02               [ 8]  220 	ld	(bc), a
      0000DD 03               [ 8]  221 	inc	bc
      0000DE 0A               [ 8]  222 	ld	a, (bc)
      0000DF 02               [ 8]  223 	ld	(bc), a
                                    224 ;gbdk_player.c:79: break;
      0000E0 18 37            [12]  225 	jr	00106$
                                    226 ;gbdk_player.c:81: case J_DOWN:
      0000E2                        227 00102$:
                                    228 ;c:/gbdk/include/gb/gb.h:1691: OAM_item_t * itm = &shadow_OAM[nb];
      0000E2 01r00r00         [12]  229 	ld	bc, #_shadow_OAM+0
                                    230 ;c:/gbdk/include/gb/gb.h:1692: itm->y+=y, itm->x+=x;
      0000E5 0A               [ 8]  231 	ld	a, (bc)
      0000E6 C6 02            [ 8]  232 	add	a, #0x02
      0000E8 02               [ 8]  233 	ld	(bc), a
      0000E9 03               [ 8]  234 	inc	bc
      0000EA 0A               [ 8]  235 	ld	a, (bc)
      0000EB 02               [ 8]  236 	ld	(bc), a
                                    237 ;gbdk_player.c:83: break;
      0000EC 18 2B            [12]  238 	jr	00106$
                                    239 ;gbdk_player.c:85: case J_LEFT:
      0000EE                        240 00103$:
                                    241 ;c:/gbdk/include/gb/gb.h:1691: OAM_item_t * itm = &shadow_OAM[nb];
      0000EE 01r00r00         [12]  242 	ld	bc, #_shadow_OAM+0
                                    243 ;c:/gbdk/include/gb/gb.h:1692: itm->y+=y, itm->x+=x;
      0000F1 0A               [ 8]  244 	ld	a, (bc)
      0000F2 02               [ 8]  245 	ld	(bc), a
      0000F3 03               [ 8]  246 	inc	bc
      0000F4 0A               [ 8]  247 	ld	a, (bc)
      0000F5 C6 FE            [ 8]  248 	add	a, #0xfe
      0000F7 02               [ 8]  249 	ld	(bc), a
                                    250 ;gbdk_player.c:87: break;
      0000F8 18 1F            [12]  251 	jr	00106$
                                    252 ;gbdk_player.c:89: case J_RIGHT:
      0000FA                        253 00104$:
                                    254 ;c:/gbdk/include/gb/gb.h:1691: OAM_item_t * itm = &shadow_OAM[nb];
      0000FA 01r00r00         [12]  255 	ld	bc, #_shadow_OAM
                                    256 ;c:/gbdk/include/gb/gb.h:1692: itm->y+=y, itm->x+=x;
      0000FD 0A               [ 8]  257 	ld	a, (bc)
      0000FE 02               [ 8]  258 	ld	(bc), a
      0000FF 03               [ 8]  259 	inc	bc
      000100 0A               [ 8]  260 	ld	a, (bc)
      000101 C6 02            [ 8]  261 	add	a, #0x02
      000103 02               [ 8]  262 	ld	(bc), a
                                    263 ;gbdk_player.c:91: break;
      000104 18 13            [12]  264 	jr	00106$
                                    265 ;gbdk_player.c:93: case J_SELECT:
      000106                        266 00105$:
                                    267 ;gbdk_player.c:102: NR10_REG = 0x16; 
      000106 3E 16            [ 8]  268 	ld	a, #0x16
      000108 E0r00            [12]  269 	ldh	(_NR10_REG + 0), a
                                    270 ;gbdk_player.c:109: NR11_REG = 0x4E;
      00010A 3E 4E            [ 8]  271 	ld	a, #0x4e
      00010C E0r00            [12]  272 	ldh	(_NR11_REG + 0), a
                                    273 ;gbdk_player.c:118: NR12_REG = 0x73;  
      00010E 3E 73            [ 8]  274 	ld	a, #0x73
      000110 E0r00            [12]  275 	ldh	(_NR12_REG + 0), a
                                    276 ;gbdk_player.c:123: NR13_REG = 0x00;   
      000112 AF               [ 4]  277 	xor	a, a
      000113 E0r00            [12]  278 	ldh	(_NR13_REG + 0), a
                                    279 ;gbdk_player.c:132: NR14_REG = 0xC5;
      000115 3E C5            [ 8]  280 	ld	a, #0xc5
      000117 E0r00            [12]  281 	ldh	(_NR14_REG + 0), a
                                    282 ;gbdk_player.c:136: }
      000119                        283 00106$:
                                    284 ;gbdk_player.c:138: delay(25);
      000119 11 19 00         [12]  285 	ld	de, #0x0019
      00011C CDr00r00         [24]  286 	call	_delay
                                    287 ;gbdk_player.c:140: }
      00011F 18 98            [12]  288 	jr	00108$
      000121                        289 _background_palette:
      000121 00 7C                  290 	.dw #0x7c00
      000123 00 3C                  291 	.dw #0x3c00
      000125 EF 01                  292 	.dw #0x01ef
      000127 00 00                  293 	.dw #0x0000
      000129                        294 _sprite_palette:
      000129 BC 17                  295 	.dw #0x17bc
      00012B FF 3D                  296 	.dw #0x3dff
      00012D 1F 00                  297 	.dw #0x001f
      00012F 0F 00                  298 	.dw #0x000f
                                    299 	.area _CODE
                                    300 	.area _INITIALIZER
      000000                        301 __xinit__MapTiles:
      000000 00                     302 	.db #0x00	; 0
      000001 00                     303 	.db #0x00	; 0
      000002 00                     304 	.db #0x00	; 0
      000003 00                     305 	.db #0x00	; 0
      000004 00                     306 	.db #0x00	; 0
      000005 00                     307 	.db #0x00	; 0
      000006 00                     308 	.db #0x00	; 0
      000007 00                     309 	.db #0x00	; 0
      000008 00                     310 	.db #0x00	; 0
      000009 00                     311 	.db #0x00	; 0
      00000A 00                     312 	.db #0x00	; 0
      00000B 00                     313 	.db #0x00	; 0
      00000C 00                     314 	.db #0x00	; 0
      00000D 00                     315 	.db #0x00	; 0
      00000E 00                     316 	.db #0x00	; 0
      00000F 00                     317 	.db #0x00	; 0
      000010 DF                     318 	.db #0xdf	; 223
      000011 20                     319 	.db #0x20	; 32
      000012 DF                     320 	.db #0xdf	; 223
      000013 20                     321 	.db #0x20	; 32
      000014 DF                     322 	.db #0xdf	; 223
      000015 20                     323 	.db #0x20	; 32
      000016 00                     324 	.db #0x00	; 0
      000017 FF                     325 	.db #0xff	; 255
      000018 F7                     326 	.db #0xf7	; 247
      000019 08                     327 	.db #0x08	; 8
      00001A F7                     328 	.db #0xf7	; 247
      00001B 08                     329 	.db #0x08	; 8
      00001C F7                     330 	.db #0xf7	; 247
      00001D 08                     331 	.db #0x08	; 8
      00001E 00                     332 	.db #0x00	; 0
      00001F FF                     333 	.db #0xff	; 255
      000020 16                     334 	.db #0x16	; 22
      000021 E9                     335 	.db #0xe9	; 233
      000022 B3                     336 	.db #0xb3	; 179
      000023 4C                     337 	.db #0x4c	; 76	'L'
      000024 9B                     338 	.db #0x9b	; 155
      000025 64                     339 	.db #0x64	; 100	'd'
      000026 0A                     340 	.db #0x0a	; 10
      000027 F5                     341 	.db #0xf5	; 245
      000028 61                     342 	.db #0x61	; 97	'a'
      000029 9E                     343 	.db #0x9e	; 158
      00002A ED                     344 	.db #0xed	; 237
      00002B 12                     345 	.db #0x12	; 18
      00002C 0C                     346 	.db #0x0c	; 12
      00002D F3                     347 	.db #0xf3	; 243
      00002E B1                     348 	.db #0xb1	; 177
      00002F 4E                     349 	.db #0x4e	; 78	'N'
      000030 3F                     350 	.db #0x3f	; 63
      000031 C0                     351 	.db #0xc0	; 192
      000032 2F                     352 	.db #0x2f	; 47
      000033 D0                     353 	.db #0xd0	; 208
      000034 27                     354 	.db #0x27	; 39
      000035 D8                     355 	.db #0xd8	; 216
      000036 25                     356 	.db #0x25	; 37
      000037 DA                     357 	.db #0xda	; 218
      000038 25                     358 	.db #0x25	; 37
      000039 DA                     359 	.db #0xda	; 218
      00003A 27                     360 	.db #0x27	; 39
      00003B D8                     361 	.db #0xd8	; 216
      00003C 2F                     362 	.db #0x2f	; 47
      00003D D0                     363 	.db #0xd0	; 208
      00003E 3F                     364 	.db #0x3f	; 63
      00003F C0                     365 	.db #0xc0	; 192
      000040 FF                     366 	.db #0xff	; 255
      000041 00                     367 	.db #0x00	; 0
      000042 DF                     368 	.db #0xdf	; 223
      000043 20                     369 	.db #0x20	; 32
      000044 B7                     370 	.db #0xb7	; 183
      000045 48                     371 	.db #0x48	; 72	'H'
      000046 AB                     372 	.db #0xab	; 171
      000047 54                     373 	.db #0x54	; 84	'T'
      000048 AB                     374 	.db #0xab	; 171
      000049 54                     375 	.db #0x54	; 84	'T'
      00004A BB                     376 	.db #0xbb	; 187
      00004B 44                     377 	.db #0x44	; 68	'D'
      00004C C7                     378 	.db #0xc7	; 199
      00004D 38                     379 	.db #0x38	; 56	'8'
      00004E FF                     380 	.db #0xff	; 255
      00004F 00                     381 	.db #0x00	; 0
      000050 FD                     382 	.db #0xfd	; 253
      000051 02                     383 	.db #0x02	; 2
      000052 CF                     384 	.db #0xcf	; 207
      000053 30                     385 	.db #0x30	; 48	'0'
      000054 B7                     386 	.db #0xb7	; 183
      000055 48                     387 	.db #0x48	; 72	'H'
      000056 FF                     388 	.db #0xff	; 255
      000057 00                     389 	.db #0x00	; 0
      000058 DD                     390 	.db #0xdd	; 221
      000059 22                     391 	.db #0x22	; 34
      00005A E3                     392 	.db #0xe3	; 227
      00005B 1C                     393 	.db #0x1c	; 28
      00005C 7F                     394 	.db #0x7f	; 127
      00005D 80                     395 	.db #0x80	; 128
      00005E 9F                     396 	.db #0x9f	; 159
      00005F 60                     397 	.db #0x60	; 96
      000060 00                     398 	.db #0x00	; 0
      000061 00                     399 	.db #0x00	; 0
      000062 00                     400 	.db #0x00	; 0
      000063 00                     401 	.db #0x00	; 0
      000064 00                     402 	.db #0x00	; 0
      000065 00                     403 	.db #0x00	; 0
      000066 00                     404 	.db #0x00	; 0
      000067 00                     405 	.db #0x00	; 0
      000068 00                     406 	.db #0x00	; 0
      000069 00                     407 	.db #0x00	; 0
      00006A 00                     408 	.db #0x00	; 0
      00006B 00                     409 	.db #0x00	; 0
      00006C 00                     410 	.db #0x00	; 0
      00006D 00                     411 	.db #0x00	; 0
      00006E 00                     412 	.db #0x00	; 0
      00006F 00                     413 	.db #0x00	; 0
      000070                        414 __xinit__Map:
      000070 28                     415 	.db #0x28	; 40
      000071 28                     416 	.db #0x28	; 40
      000072 28                     417 	.db #0x28	; 40
      000073 28                     418 	.db #0x28	; 40
      000074 28                     419 	.db #0x28	; 40
      000075 28                     420 	.db #0x28	; 40
      000076 28                     421 	.db #0x28	; 40
      000077 28                     422 	.db #0x28	; 40
      000078 28                     423 	.db #0x28	; 40
      000079 28                     424 	.db #0x28	; 40
      00007A 28                     425 	.db #0x28	; 40
      00007B 28                     426 	.db #0x28	; 40
      00007C 29                     427 	.db #0x29	; 41
      00007D 29                     428 	.db #0x29	; 41
      00007E 29                     429 	.db #0x29	; 41
      00007F 29                     430 	.db #0x29	; 41
      000080 29                     431 	.db #0x29	; 41
      000081 29                     432 	.db #0x29	; 41
      000082 29                     433 	.db #0x29	; 41
      000083 29                     434 	.db #0x29	; 41
      000084 28                     435 	.db #0x28	; 40
      000085 28                     436 	.db #0x28	; 40
      000086 28                     437 	.db #0x28	; 40
      000087 28                     438 	.db #0x28	; 40
      000088 28                     439 	.db #0x28	; 40
      000089 28                     440 	.db #0x28	; 40
      00008A 28                     441 	.db #0x28	; 40
      00008B 28                     442 	.db #0x28	; 40
      00008C 28                     443 	.db #0x28	; 40
      00008D 28                     444 	.db #0x28	; 40
      00008E 28                     445 	.db #0x28	; 40
      00008F 28                     446 	.db #0x28	; 40
      000090 28                     447 	.db #0x28	; 40
      000091 29                     448 	.db #0x29	; 41
      000092 29                     449 	.db #0x29	; 41
      000093 29                     450 	.db #0x29	; 41
      000094 29                     451 	.db #0x29	; 41
      000095 29                     452 	.db #0x29	; 41
      000096 29                     453 	.db #0x29	; 41
      000097 29                     454 	.db #0x29	; 41
      000098 26                     455 	.db #0x26	; 38
      000099 26                     456 	.db #0x26	; 38
      00009A 26                     457 	.db #0x26	; 38
      00009B 26                     458 	.db #0x26	; 38
      00009C 26                     459 	.db #0x26	; 38
      00009D 26                     460 	.db #0x26	; 38
      00009E 26                     461 	.db #0x26	; 38
      00009F 26                     462 	.db #0x26	; 38
      0000A0 26                     463 	.db #0x26	; 38
      0000A1 26                     464 	.db #0x26	; 38
      0000A2 26                     465 	.db #0x26	; 38
      0000A3 26                     466 	.db #0x26	; 38
      0000A4 26                     467 	.db #0x26	; 38
      0000A5 29                     468 	.db #0x29	; 41
      0000A6 29                     469 	.db #0x29	; 41
      0000A7 29                     470 	.db #0x29	; 41
      0000A8 29                     471 	.db #0x29	; 41
      0000A9 29                     472 	.db #0x29	; 41
      0000AA 29                     473 	.db #0x29	; 41
      0000AB 29                     474 	.db #0x29	; 41
      0000AC 26                     475 	.db #0x26	; 38
      0000AD 26                     476 	.db #0x26	; 38
      0000AE 26                     477 	.db #0x26	; 38
      0000AF 26                     478 	.db #0x26	; 38
      0000B0 26                     479 	.db #0x26	; 38
      0000B1 26                     480 	.db #0x26	; 38
      0000B2 26                     481 	.db #0x26	; 38
      0000B3 26                     482 	.db #0x26	; 38
      0000B4 26                     483 	.db #0x26	; 38
      0000B5 26                     484 	.db #0x26	; 38
      0000B6 26                     485 	.db #0x26	; 38
      0000B7 26                     486 	.db #0x26	; 38
      0000B8 26                     487 	.db #0x26	; 38
      0000B9 26                     488 	.db #0x26	; 38
      0000BA 29                     489 	.db #0x29	; 41
      0000BB 29                     490 	.db #0x29	; 41
      0000BC 29                     491 	.db #0x29	; 41
      0000BD 29                     492 	.db #0x29	; 41
      0000BE 29                     493 	.db #0x29	; 41
      0000BF 29                     494 	.db #0x29	; 41
      0000C0 26                     495 	.db #0x26	; 38
      0000C1 26                     496 	.db #0x26	; 38
      0000C2 26                     497 	.db #0x26	; 38
      0000C3 26                     498 	.db #0x26	; 38
      0000C4 26                     499 	.db #0x26	; 38
      0000C5 26                     500 	.db #0x26	; 38
      0000C6 26                     501 	.db #0x26	; 38
      0000C7 26                     502 	.db #0x26	; 38
      0000C8 26                     503 	.db #0x26	; 38
      0000C9 26                     504 	.db #0x26	; 38
      0000CA 26                     505 	.db #0x26	; 38
      0000CB 26                     506 	.db #0x26	; 38
      0000CC 26                     507 	.db #0x26	; 38
      0000CD 26                     508 	.db #0x26	; 38
      0000CE 26                     509 	.db #0x26	; 38
      0000CF 26                     510 	.db #0x26	; 38
      0000D0 29                     511 	.db #0x29	; 41
      0000D1 29                     512 	.db #0x29	; 41
      0000D2 29                     513 	.db #0x29	; 41
      0000D3 2A                     514 	.db #0x2a	; 42
      0000D4 26                     515 	.db #0x26	; 38
      0000D5 26                     516 	.db #0x26	; 38
      0000D6 26                     517 	.db #0x26	; 38
      0000D7 26                     518 	.db #0x26	; 38
      0000D8 26                     519 	.db #0x26	; 38
      0000D9 26                     520 	.db #0x26	; 38
      0000DA 26                     521 	.db #0x26	; 38
      0000DB 26                     522 	.db #0x26	; 38
      0000DC 26                     523 	.db #0x26	; 38
      0000DD 26                     524 	.db #0x26	; 38
      0000DE 26                     525 	.db #0x26	; 38
      0000DF 26                     526 	.db #0x26	; 38
      0000E0 26                     527 	.db #0x26	; 38
      0000E1 26                     528 	.db #0x26	; 38
      0000E2 26                     529 	.db #0x26	; 38
      0000E3 26                     530 	.db #0x26	; 38
      0000E4 26                     531 	.db #0x26	; 38
      0000E5 29                     532 	.db #0x29	; 41
      0000E6 29                     533 	.db #0x29	; 41
      0000E7 29                     534 	.db #0x29	; 41
      0000E8 26                     535 	.db #0x26	; 38
      0000E9 26                     536 	.db #0x26	; 38
      0000EA 26                     537 	.db #0x26	; 38
      0000EB 26                     538 	.db #0x26	; 38
      0000EC 26                     539 	.db #0x26	; 38
      0000ED 26                     540 	.db #0x26	; 38
      0000EE 26                     541 	.db #0x26	; 38
      0000EF 26                     542 	.db #0x26	; 38
      0000F0 26                     543 	.db #0x26	; 38
      0000F1 26                     544 	.db #0x26	; 38
      0000F2 26                     545 	.db #0x26	; 38
      0000F3 26                     546 	.db #0x26	; 38
      0000F4 26                     547 	.db #0x26	; 38
      0000F5 26                     548 	.db #0x26	; 38
      0000F6 26                     549 	.db #0x26	; 38
      0000F7 26                     550 	.db #0x26	; 38
      0000F8 26                     551 	.db #0x26	; 38
      0000F9 26                     552 	.db #0x26	; 38
      0000FA 29                     553 	.db #0x29	; 41
      0000FB 29                     554 	.db #0x29	; 41
      0000FC 26                     555 	.db #0x26	; 38
      0000FD 26                     556 	.db #0x26	; 38
      0000FE 26                     557 	.db #0x26	; 38
      0000FF 26                     558 	.db #0x26	; 38
      000100 26                     559 	.db #0x26	; 38
      000101 26                     560 	.db #0x26	; 38
      000102 26                     561 	.db #0x26	; 38
      000103 26                     562 	.db #0x26	; 38
      000104 26                     563 	.db #0x26	; 38
      000105 26                     564 	.db #0x26	; 38
      000106 26                     565 	.db #0x26	; 38
      000107 26                     566 	.db #0x26	; 38
      000108 26                     567 	.db #0x26	; 38
      000109 26                     568 	.db #0x26	; 38
      00010A 26                     569 	.db #0x26	; 38
      00010B 26                     570 	.db #0x26	; 38
      00010C 26                     571 	.db #0x26	; 38
      00010D 26                     572 	.db #0x26	; 38
      00010E 26                     573 	.db #0x26	; 38
      00010F 26                     574 	.db #0x26	; 38
      000110 26                     575 	.db #0x26	; 38
      000111 26                     576 	.db #0x26	; 38
      000112 26                     577 	.db #0x26	; 38
      000113 26                     578 	.db #0x26	; 38
      000114 26                     579 	.db #0x26	; 38
      000115 26                     580 	.db #0x26	; 38
      000116 26                     581 	.db #0x26	; 38
      000117 26                     582 	.db #0x26	; 38
      000118 26                     583 	.db #0x26	; 38
      000119 26                     584 	.db #0x26	; 38
      00011A 26                     585 	.db #0x26	; 38
      00011B 26                     586 	.db #0x26	; 38
      00011C 26                     587 	.db #0x26	; 38
      00011D 26                     588 	.db #0x26	; 38
      00011E 26                     589 	.db #0x26	; 38
      00011F 26                     590 	.db #0x26	; 38
      000120 26                     591 	.db #0x26	; 38
      000121 26                     592 	.db #0x26	; 38
      000122 26                     593 	.db #0x26	; 38
      000123 26                     594 	.db #0x26	; 38
      000124 26                     595 	.db #0x26	; 38
      000125 26                     596 	.db #0x26	; 38
      000126 26                     597 	.db #0x26	; 38
      000127 26                     598 	.db #0x26	; 38
      000128 26                     599 	.db #0x26	; 38
      000129 26                     600 	.db #0x26	; 38
      00012A 26                     601 	.db #0x26	; 38
      00012B 26                     602 	.db #0x26	; 38
      00012C 26                     603 	.db #0x26	; 38
      00012D 26                     604 	.db #0x26	; 38
      00012E 26                     605 	.db #0x26	; 38
      00012F 26                     606 	.db #0x26	; 38
      000130 26                     607 	.db #0x26	; 38
      000131 26                     608 	.db #0x26	; 38
      000132 26                     609 	.db #0x26	; 38
      000133 26                     610 	.db #0x26	; 38
      000134 26                     611 	.db #0x26	; 38
      000135 26                     612 	.db #0x26	; 38
      000136 26                     613 	.db #0x26	; 38
      000137 26                     614 	.db #0x26	; 38
      000138 26                     615 	.db #0x26	; 38
      000139 26                     616 	.db #0x26	; 38
      00013A 26                     617 	.db #0x26	; 38
      00013B 26                     618 	.db #0x26	; 38
      00013C 26                     619 	.db #0x26	; 38
      00013D 26                     620 	.db #0x26	; 38
      00013E 26                     621 	.db #0x26	; 38
      00013F 26                     622 	.db #0x26	; 38
      000140 26                     623 	.db #0x26	; 38
      000141 26                     624 	.db #0x26	; 38
      000142 26                     625 	.db #0x26	; 38
      000143 26                     626 	.db #0x26	; 38
      000144 26                     627 	.db #0x26	; 38
      000145 26                     628 	.db #0x26	; 38
      000146 26                     629 	.db #0x26	; 38
      000147 26                     630 	.db #0x26	; 38
      000148 26                     631 	.db #0x26	; 38
      000149 26                     632 	.db #0x26	; 38
      00014A 26                     633 	.db #0x26	; 38
      00014B 26                     634 	.db #0x26	; 38
      00014C 26                     635 	.db #0x26	; 38
      00014D 26                     636 	.db #0x26	; 38
      00014E 26                     637 	.db #0x26	; 38
      00014F 26                     638 	.db #0x26	; 38
      000150 26                     639 	.db #0x26	; 38
      000151 26                     640 	.db #0x26	; 38
      000152 26                     641 	.db #0x26	; 38
      000153 26                     642 	.db #0x26	; 38
      000154 26                     643 	.db #0x26	; 38
      000155 26                     644 	.db #0x26	; 38
      000156 26                     645 	.db #0x26	; 38
      000157 26                     646 	.db #0x26	; 38
      000158 26                     647 	.db #0x26	; 38
      000159 26                     648 	.db #0x26	; 38
      00015A 26                     649 	.db #0x26	; 38
      00015B 26                     650 	.db #0x26	; 38
      00015C 26                     651 	.db #0x26	; 38
      00015D 26                     652 	.db #0x26	; 38
      00015E 26                     653 	.db #0x26	; 38
      00015F 26                     654 	.db #0x26	; 38
      000160 27                     655 	.db #0x27	; 39
      000161 27                     656 	.db #0x27	; 39
      000162 27                     657 	.db #0x27	; 39
      000163 27                     658 	.db #0x27	; 39
      000164 27                     659 	.db #0x27	; 39
      000165 27                     660 	.db #0x27	; 39
      000166 27                     661 	.db #0x27	; 39
      000167 27                     662 	.db #0x27	; 39
      000168 27                     663 	.db #0x27	; 39
      000169 27                     664 	.db #0x27	; 39
      00016A 27                     665 	.db #0x27	; 39
      00016B 27                     666 	.db #0x27	; 39
      00016C 27                     667 	.db #0x27	; 39
      00016D 27                     668 	.db #0x27	; 39
      00016E 27                     669 	.db #0x27	; 39
      00016F 27                     670 	.db #0x27	; 39
      000170 27                     671 	.db #0x27	; 39
      000171 27                     672 	.db #0x27	; 39
      000172 27                     673 	.db #0x27	; 39
      000173 27                     674 	.db #0x27	; 39
      000174 27                     675 	.db #0x27	; 39
      000175 27                     676 	.db #0x27	; 39
      000176 27                     677 	.db #0x27	; 39
      000177 27                     678 	.db #0x27	; 39
      000178 27                     679 	.db #0x27	; 39
      000179 27                     680 	.db #0x27	; 39
      00017A 27                     681 	.db #0x27	; 39
      00017B 27                     682 	.db #0x27	; 39
      00017C 27                     683 	.db #0x27	; 39
      00017D 27                     684 	.db #0x27	; 39
      00017E 27                     685 	.db #0x27	; 39
      00017F 27                     686 	.db #0x27	; 39
      000180 27                     687 	.db #0x27	; 39
      000181 27                     688 	.db #0x27	; 39
      000182 27                     689 	.db #0x27	; 39
      000183 27                     690 	.db #0x27	; 39
      000184 27                     691 	.db #0x27	; 39
      000185 27                     692 	.db #0x27	; 39
      000186 27                     693 	.db #0x27	; 39
      000187 27                     694 	.db #0x27	; 39
      000188 27                     695 	.db #0x27	; 39
      000189 27                     696 	.db #0x27	; 39
      00018A 27                     697 	.db #0x27	; 39
      00018B 27                     698 	.db #0x27	; 39
      00018C 27                     699 	.db #0x27	; 39
      00018D 27                     700 	.db #0x27	; 39
      00018E 27                     701 	.db #0x27	; 39
      00018F 27                     702 	.db #0x27	; 39
      000190 27                     703 	.db #0x27	; 39
      000191 27                     704 	.db #0x27	; 39
      000192 27                     705 	.db #0x27	; 39
      000193 27                     706 	.db #0x27	; 39
      000194 27                     707 	.db #0x27	; 39
      000195 27                     708 	.db #0x27	; 39
      000196 27                     709 	.db #0x27	; 39
      000197 27                     710 	.db #0x27	; 39
      000198 27                     711 	.db #0x27	; 39
      000199 27                     712 	.db #0x27	; 39
      00019A 27                     713 	.db #0x27	; 39
      00019B 2A                     714 	.db #0x2a	; 42
      00019C 27                     715 	.db #0x27	; 39
      00019D 27                     716 	.db #0x27	; 39
      00019E 27                     717 	.db #0x27	; 39
      00019F 27                     718 	.db #0x27	; 39
      0001A0 27                     719 	.db #0x27	; 39
      0001A1 27                     720 	.db #0x27	; 39
      0001A2 27                     721 	.db #0x27	; 39
      0001A3 27                     722 	.db #0x27	; 39
      0001A4 27                     723 	.db #0x27	; 39
      0001A5 27                     724 	.db #0x27	; 39
      0001A6 27                     725 	.db #0x27	; 39
      0001A7 27                     726 	.db #0x27	; 39
      0001A8 27                     727 	.db #0x27	; 39
      0001A9 2A                     728 	.db #0x2a	; 42
      0001AA 2A                     729 	.db #0x2a	; 42
      0001AB 2A                     730 	.db #0x2a	; 42
      0001AC 2A                     731 	.db #0x2a	; 42
      0001AD 2A                     732 	.db #0x2a	; 42
      0001AE 2A                     733 	.db #0x2a	; 42
      0001AF 2A                     734 	.db #0x2a	; 42
      0001B0 27                     735 	.db #0x27	; 39
      0001B1 27                     736 	.db #0x27	; 39
      0001B2 27                     737 	.db #0x27	; 39
      0001B3 27                     738 	.db #0x27	; 39
      0001B4 27                     739 	.db #0x27	; 39
      0001B5 27                     740 	.db #0x27	; 39
      0001B6 27                     741 	.db #0x27	; 39
      0001B7 27                     742 	.db #0x27	; 39
      0001B8 27                     743 	.db #0x27	; 39
      0001B9 27                     744 	.db #0x27	; 39
      0001BA 2A                     745 	.db #0x2a	; 42
      0001BB 2A                     746 	.db #0x2a	; 42
      0001BC 2A                     747 	.db #0x2a	; 42
      0001BD 2A                     748 	.db #0x2a	; 42
      0001BE 2A                     749 	.db #0x2a	; 42
      0001BF 2A                     750 	.db #0x2a	; 42
      0001C0 2A                     751 	.db #0x2a	; 42
      0001C1 2A                     752 	.db #0x2a	; 42
      0001C2 2A                     753 	.db #0x2a	; 42
      0001C3 2A                     754 	.db #0x2a	; 42
      0001C4 27                     755 	.db #0x27	; 39
      0001C5 27                     756 	.db #0x27	; 39
      0001C6 27                     757 	.db #0x27	; 39
      0001C7 27                     758 	.db #0x27	; 39
      0001C8 27                     759 	.db #0x27	; 39
      0001C9 27                     760 	.db #0x27	; 39
      0001CA 2A                     761 	.db #0x2a	; 42
      0001CB 2A                     762 	.db #0x2a	; 42
      0001CC 2A                     763 	.db #0x2a	; 42
      0001CD 2A                     764 	.db #0x2a	; 42
      0001CE 2A                     765 	.db #0x2a	; 42
      0001CF 2A                     766 	.db #0x2a	; 42
      0001D0 2A                     767 	.db #0x2a	; 42
      0001D1 2A                     768 	.db #0x2a	; 42
      0001D2 2A                     769 	.db #0x2a	; 42
      0001D3 2A                     770 	.db #0x2a	; 42
      0001D4 2A                     771 	.db #0x2a	; 42
      0001D5 2A                     772 	.db #0x2a	; 42
      0001D6 2A                     773 	.db #0x2a	; 42
      0001D7 2A                     774 	.db #0x2a	; 42
      0001D8                        775 __xinit__WindowMap:
      0001D8 01                     776 	.db #0x01	; 1
      0001D9 02                     777 	.db #0x02	; 2
      0001DA 03                     778 	.db #0x03	; 3
      0001DB 04                     779 	.db #0x04	; 4
      0001DC 05                     780 	.db #0x05	; 5
                                    781 	.area _CABS (ABS)
